\BOOKMARK [0][]{ustcchapter.1.0}{\376\377\134\001\227\142}{}% 1
\BOOKMARK [0][]{ustcchapter.2.0}{\376\377\000T\000i\000t\000l\000e\000\040\000p\000a\000g\000e}{}% 2
\BOOKMARK [0][]{ustcchapter.3.0}{\376\377\123\237\122\033\140\047\124\214\143\210\147\103\117\177\165\050\130\360\146\016}{}% 3
\BOOKMARK [0][]{ustcchapter.4.0}{\376\377\144\130\211\201}{}% 4
\BOOKMARK [0][]{ustcchapter.5.0}{\376\377\000A\000B\000S\000T\000R\000A\000C\000T}{}% 5
\BOOKMARK [0][]{ustcchapter.6.0}{\376\377\166\356\137\125}{}% 6
\BOOKMARK [0][]{ustcchapter.7.0}{\376\377\143\322\126\376\124\214\226\104\210\150\156\005\123\125}{}% 7
\BOOKMARK [0][]{chapter.1}{\376\377\173\054\0001\172\340\000\040\176\352\213\272}{}% 8
\BOOKMARK [1][-]{section.1.1}{\376\377\0001\000.\0001\000\040\170\024\172\166\200\314\146\157\123\312\141\017\116\111}{chapter.1}% 9
\BOOKMARK [1][-]{section.1.2}{\376\377\0001\000.\0002\000\040\126\375\121\205\131\026\170\024\172\166\163\260\162\266}{chapter.1}% 10
\BOOKMARK [2][-]{subsection.1.2.1}{\376\377\0001\000.\0002\000.\0001\000\040\127\372\116\216\217\175\203\167\150\300\155\113\166\204\145\271\154\325}{section.1.2}% 11
\BOOKMARK [2][-]{subsection.1.2.2}{\376\377\0001\000.\0002\000.\0002\000\040\127\372\116\216\117\040\176\337\147\072\126\150\133\146\116\140\166\204\145\271\154\325}{section.1.2}% 12
\BOOKMARK [2][-]{subsection.1.2.3}{\376\377\0001\000.\0002\000.\0003\000\040\127\372\116\216\155\361\136\246\133\146\116\140\166\204\145\271\154\325}{section.1.2}% 13
\BOOKMARK [1][-]{section.1.3}{\376\377\0001\000.\0003\000\040\170\024\172\166\121\205\133\271}{chapter.1}% 14
\BOOKMARK [1][-]{section.1.4}{\376\377\0001\000.\0004\000\040\213\272\145\207\172\340\202\202\133\211\143\222}{chapter.1}% 15
\BOOKMARK [2][-]{subsection.1.4.1}{\376\377\0001\000.\0004\000.\0001\000\040\116\214\176\247\202\202\150\007\230\230}{section.1.4}% 16
\BOOKMARK [1][-]{section.1.5}{\376\377\0001\000.\0005\000\040\201\032\154\350}{chapter.1}% 17
\BOOKMARK [0][]{chapter.2}{\376\377\173\054\0002\172\340\000\040\166\370\121\163\164\006\213\272\151\202\217\360}{}% 18
\BOOKMARK [1][-]{section.2.1}{\376\377\0002\000.\0001\000\040\000B\000Y\000O\000L\152\041\127\213\151\202\217\360}{chapter.2}% 19
\BOOKMARK [1][-]{section.2.2}{\376\377\0002\000.\0002\000\040\116\000\176\364\123\167\171\357\171\136\176\317\177\121\176\334\151\202\217\360}{chapter.2}% 20
\BOOKMARK [1][-]{section.2.3}{\376\377\0002\000.\0003\000\040\131\032\134\102\141\037\167\345\147\072\151\202\217\360}{chapter.2}% 21
\BOOKMARK [1][-]{section.2.4}{\376\377\0002\000.\0004\000\040\230\204\131\004\164\006}{chapter.2}% 22
\BOOKMARK [1][-]{section.2.5}{\376\377\0002\000.\0005\000\040\213\272\145\207\172\340\202\202\133\211\143\222}{chapter.2}% 23
\BOOKMARK [2][-]{subsection.2.5.1}{\376\377\0002\000.\0005\000.\0001\000\040\116\214\176\247\202\202\150\007\230\230}{section.2.5}% 24
\BOOKMARK [0][]{chapter.3}{\376\377\173\054\0003\172\340\000\040\155\101\176\247\122\053\162\171\137\201\143\320\123\326}{}% 25
\BOOKMARK [1][-]{section.3.1}{\376\377\0003\000.\0001\000\040\155\101\176\247\122\053\162\171\137\201\143\320\123\326\145\164\117\123\150\106\147\266}{chapter.3}% 26
\BOOKMARK [1][-]{section.3.2}{\376\377\0003\000.\0002\000\040\000B\000Y\000O\000L\152\041\127\213\177\026\170\001\126\150}{chapter.3}% 27
\BOOKMARK [1][-]{section.3.3}{\376\377\0003\000.\0003\000\040\000B\000Y\000O\000L\152\041\127\213\130\236\137\072\121\375\145\160}{chapter.3}% 28
\BOOKMARK [1][-]{section.3.4}{\376\377\0003\000.\0004\000\040\123\302\145\160\213\276\177\156}{chapter.3}% 29
\BOOKMARK [1][-]{section.3.5}{\376\377\0003\000.\0005\000\040\213\272\145\207\172\340\202\202\133\211\143\222}{chapter.3}% 30
\BOOKMARK [2][-]{subsection.3.5.1}{\376\377\0003\000.\0005\000.\0001\000\040\116\214\176\247\202\202\150\007\230\230}{section.3.5}% 31
\BOOKMARK [0][]{chapter.4}{\376\377\173\054\0004\172\340\000\040\123\005\176\247\122\053\162\171\137\201\143\320\123\326}{}% 32
\BOOKMARK [1][-]{section.4.1}{\376\377\0004\000.\0001\000\040\123\005\176\247\122\053\162\171\137\201\143\320\123\326\145\164\117\123\150\106\147\266}{chapter.4}% 33
\BOOKMARK [1][-]{section.4.2}{\376\377\0004\000.\0002\000\040\000I\000P\145\160\143\156\123\005\176\323\147\204}{chapter.4}% 34
\BOOKMARK [1][-]{section.4.3}{\376\377\0004\000.\0003\000\040\123\237\131\313\145\160\143\156\143\320\123\326\116\016\230\204\131\004\164\006}{chapter.4}% 35
\BOOKMARK [1][-]{section.4.4}{\376\377\0004\000.\0004\000\040\000n\000-\000g\000r\000a\000m\135\114\121\145\131\004\164\006}{chapter.4}% 36
\BOOKMARK [1][-]{section.4.5}{\376\377\0004\000.\0005\000\040\213\272\145\207\172\340\202\202\133\211\143\222}{chapter.4}% 37
\BOOKMARK [2][-]{subsection.4.5.1}{\376\377\0004\000.\0005\000.\0001\000\040\116\214\176\247\202\202\150\007\230\230}{section.4.5}% 38
\BOOKMARK [0][]{chapter.5}{\376\377\173\054\0005\172\340\000\040\162\171\137\201\207\215\124\010}{}% 39
\BOOKMARK [1][-]{section.5.1}{\376\377\0005\000.\0001\000\040\207\215\124\010\177\121\176\334\145\164\117\123\150\106\147\266}{chapter.5}% 40
\BOOKMARK [1][-]{section.5.2}{\376\377\0005\000.\0002\000\040\123\302\145\160\213\276\177\156}{chapter.5}% 41
\BOOKMARK [1][-]{section.5.3}{\376\377\0005\000.\0003\000\040\213\272\145\207\172\340\202\202\133\211\143\222}{chapter.5}% 42
\BOOKMARK [2][-]{subsection.5.3.1}{\376\377\0005\000.\0003\000.\0001\000\040\116\214\176\247\202\202\150\007\230\230}{section.5.3}% 43
\BOOKMARK [0][]{chapter.6}{\376\377\173\054\0006\172\340\000\040\133\236\232\214\213\276\177\156}{}% 44
\BOOKMARK [1][-]{section.6.1}{\376\377\0006\000.\0001\000\040\145\160\143\156\226\306\116\016\213\304\117\060\143\007\150\007}{chapter.6}% 45
\BOOKMARK [1][-]{section.6.2}{\376\377\0006\000.\0002\000\040\133\371\153\324\213\325\232\214\213\276\213\241}{chapter.6}% 46
\BOOKMARK [1][-]{section.6.3}{\376\377\0006\000.\0003\000\040\155\210\207\215\133\236\232\214\213\276\213\241}{chapter.6}% 47
\BOOKMARK [1][-]{section.6.4}{\376\377\0006\000.\0004\000\040\213\272\145\207\172\340\202\202\133\211\143\222}{chapter.6}% 48
\BOOKMARK [2][-]{subsection.6.4.1}{\376\377\0006\000.\0004\000.\0001\000\040\116\214\176\247\202\202\150\007\230\230}{section.6.4}% 49
\BOOKMARK [0][]{chapter.7}{\376\377\173\054\0007\172\340\000\040\140\073\176\323\116\016\134\125\147\033}{}% 50
\BOOKMARK [1][-]{section.7.1}{\376\377\0007\000.\0001\000\040\213\272\145\207\172\340\202\202\133\211\143\222}{chapter.7}% 51
\BOOKMARK [2][-]{subsection.7.1.1}{\376\377\0007\000.\0001\000.\0001\000\040\116\214\176\247\202\202\150\007\230\230}{section.7.1}% 52
\BOOKMARK [0][]{chapter.8}{\376\377\173\054\0008\172\340\000\040\143\322\126\376\124\214\210\150\150\074}{}% 53
\BOOKMARK [1][-]{section.8.1}{\376\377\0008\000.\0001\000\040\116\011\176\277\210\150}{chapter.8}% 54
\BOOKMARK [1][-]{section.8.2}{\376\377\0008\000.\0002\000\040\143\322\126\376}{chapter.8}% 55
\BOOKMARK [1][-]{section.8.3}{\376\377\0008\000.\0003\000\040\173\227\154\325\163\257\130\203}{chapter.8}% 56
\BOOKMARK [0][]{chapter.9}{\376\377\173\054\0009\172\340\000\040\145\160\133\146}{}% 57
\BOOKMARK [1][-]{section.9.1}{\376\377\0009\000.\0001\000\040\145\160\133\146\173\046\123\367}{chapter.9}% 58
\BOOKMARK [1][-]{section.9.2}{\376\377\0009\000.\0002\000\040\145\160\133\146\121\154\137\017}{chapter.9}% 59
\BOOKMARK [1][-]{section.9.3}{\376\377\0009\000.\0003\000\040\221\317\124\214\123\125\117\115}{chapter.9}% 60
\BOOKMARK [1][-]{section.9.4}{\376\377\0009\000.\0004\000\040\133\232\164\006\124\214\213\301\146\016}{chapter.9}% 61
\BOOKMARK [0][]{chapter.10}{\376\377\173\054\0001\0000\172\340\000\040\137\025\165\050\145\207\163\056\166\204\150\007\154\350}{}% 62
\BOOKMARK [1][-]{section.10.1}{\376\377\0001\0000\000.\0001\000\040\230\172\136\217\177\026\170\001\122\066}{chapter.10}% 63
\BOOKMARK [2][-]{subsection.10.1.1}{\376\377\0001\0000\000.\0001\000.\0001\000\040\211\322\150\007\145\160\133\127\150\007\154\350\154\325}{section.10.1}% 64
\BOOKMARK [2][-]{subsection.10.1.2}{\376\377\0001\0000\000.\0001\000.\0002\000\040\145\160\133\127\150\007\154\350\154\325}{section.10.1}% 65
\BOOKMARK [1][-]{section.10.2}{\376\377\0001\0000\000.\0002\000\040\204\127\200\005\000-\121\372\162\110\136\164\122\066\150\007\154\350\154\325}{chapter.10}% 66
\BOOKMARK [0][]{chapter*.17}{\376\377\123\302\200\003\145\207\163\056}{}% 67
\BOOKMARK [0][]{appendix.A}{\376\377\226\104\137\125\000\040\000A\000\040\210\145\121\105\147\120\145\231}{}% 68
\BOOKMARK [1][-]{section.A.1}{\376\377\000A\000.\0001\000\040\210\145\121\105\172\340\202\202}{appendix.A}% 69
\BOOKMARK [0][]{appendix*.18}{\376\377\201\364\214\042}{}% 70
\BOOKMARK [0][]{appendix*.19}{\376\377\127\050\213\373\147\037\225\364\123\326\137\227\166\204\171\321\170\024\142\020\147\234}{}% 71
